Release 14.7 - xst P.20131013 (nt64)
Copyright (c) 1995-2013 Xilinx, Inc.  All rights reserved.
--> Parameter TMPDIR set to xst/projnav.tmp


Total REAL time to Xst completion: 0.00 secs
Total CPU time to Xst completion: 0.07 secs
 
--> Parameter xsthdpdir set to xst


Total REAL time to Xst completion: 0.00 secs
Total CPU time to Xst completion: 0.07 secs
 
--> Reading design: TrafficLightController.prj

TABLE OF CONTENTS
  1) Synthesis Options Summary
  2) HDL Parsing
  3) HDL Elaboration
  4) HDL Synthesis
       4.1) HDL Synthesis Report
  5) Advanced HDL Synthesis
       5.1) Advanced HDL Synthesis Report
  6) Low Level Synthesis
  7) Partition Report
  8) Design Summary
       8.1) Primitive and Black Box Usage
       8.2) Device utilization summary
       8.3) Partition Resource Summary
       8.4) Timing Report
            8.4.1) Clock Information
            8.4.2) Asynchronous Control Signals Information
            8.4.3) Timing Summary
            8.4.4) Timing Details
            8.4.5) Cross Clock Domains Report


=========================================================================
*                      Synthesis Options Summary                        *
=========================================================================
---- Source Parameters
Input File Name                    : "TrafficLightController.prj"
Ignore Synthesis Constraint File   : NO

---- Target Parameters
Output File Name                   : "TrafficLightController"
Output Format                      : NGC
Target Device                      : xc6slx9-3-tqg144

---- Source Options
Top Module Name                    : TrafficLightController
Automatic FSM Extraction           : YES
FSM Encoding Algorithm             : Auto
Safe Implementation                : No
FSM Style                          : LUT
RAM Extraction                     : Yes
RAM Style                          : Auto
ROM Extraction                     : Yes
Shift Register Extraction          : YES
ROM Style                          : Auto
Resource Sharing                   : YES
Asynchronous To Synchronous        : NO
Shift Register Minimum Size        : 2
Use DSP Block                      : Auto
Automatic Register Balancing       : No

---- Target Options
LUT Combining                      : Auto
Reduce Control Sets                : Auto
Add IO Buffers                     : YES
Global Maximum Fanout              : 100000
Add Generic Clock Buffer(BUFG)     : 16
Register Duplication               : YES
Optimize Instantiated Primitives   : NO
Use Clock Enable                   : Auto
Use Synchronous Set                : Auto
Use Synchronous Reset              : Auto
Pack IO Registers into IOBs        : Auto
Equivalent register Removal        : YES

---- General Options
Optimization Goal                  : Speed
Optimization Effort                : 1
Power Reduction                    : NO
Keep Hierarchy                     : No
Netlist Hierarchy                  : As_Optimized
RTL Output                         : Yes
Global Optimization                : AllClockNets
Read Cores                         : YES
Write Timing Constraints           : NO
Cross Clock Analysis               : NO
Hierarchy Separator                : /
Bus Delimiter                      : <>
Case Specifier                     : Maintain
Slice Utilization Ratio            : 100
BRAM Utilization Ratio             : 100
DSP48 Utilization Ratio            : 100
Auto BRAM Packing                  : NO
Slice Utilization Ratio Delta      : 5

=========================================================================


=========================================================================
*                          HDL Parsing                                  *
=========================================================================
Parsing VHDL file "C:\Users\Ali\OneDrive\Desktop\Traffic_light_controller\Traffic_light_controller.vhd" into library work
Parsing entity <TrafficLightController>.
Parsing architecture <Behavioral> of entity <trafficlightcontroller>.

=========================================================================
*                            HDL Elaboration                            *
=========================================================================

Elaborating entity <TrafficLightController> (architecture <Behavioral>) from library <work>.
INFO:HDLCompiler:679 - "C:\Users\Ali\OneDrive\Desktop\Traffic_light_controller\Traffic_light_controller.vhd" Line 78. Case statement is complete. others clause is never selected
WARNING:HDLCompiler:1127 - "C:\Users\Ali\OneDrive\Desktop\Traffic_light_controller\Traffic_light_controller.vhd" Line 46: Assignment to timer_display ignored, since the identifier is never used
INFO:HDLCompiler:679 - "C:\Users\Ali\OneDrive\Desktop\Traffic_light_controller\Traffic_light_controller.vhd" Line 91. Case statement is complete. others clause is never selected

=========================================================================
*                           HDL Synthesis                               *
=========================================================================

Synthesizing Unit <TrafficLightController>.
    Related source file is "C:\Users\Ali\OneDrive\Desktop\Traffic_light_controller\Traffic_light_controller.vhd".
    Found 26-bit register for signal <counter>.
    Found 2-bit register for signal <current_state>.
    Found finite state machine <FSM_0> for signal <current_state>.
    -----------------------------------------------------------------------
    | States             | 3                                              |
    | Transitions        | 9                                              |
    | Inputs             | 4                                              |
    | Outputs            | 5                                              |
    | Clock              | clk (rising_edge)                              |
    | Reset              | reset (positive)                               |
    | Reset type         | asynchronous                                   |
    | Reset State        | red                                            |
    | Power Up State     | red                                            |
    | Encoding           | auto                                           |
    | Implementation     | LUT                                            |
    -----------------------------------------------------------------------
    Found 26-bit adder for signal <counter[25]_GND_4_o_add_0_OUT> created at line 53.
    Found 26-bit 3-to-1 multiplexer for signal <current_state[1]_X_4_o_wide_mux_12_OUT> created at line 62.
    Found 26-bit comparator lessequal for signal <n0002> created at line 64
    Found 26-bit comparator greater for signal <n0007> created at line 69
    Found 26-bit comparator greater for signal <n0011> created at line 74
    Summary:
	inferred   1 Adder/Subtractor(s).
	inferred  26 D-type flip-flop(s).
	inferred   3 Comparator(s).
	inferred   5 Multiplexer(s).
	inferred   1 Finite State Machine(s).
Unit <TrafficLightController> synthesized.

=========================================================================
HDL Synthesis Report

Macro Statistics
# Adders/Subtractors                                   : 1
 26-bit adder                                          : 1
# Registers                                            : 1
 26-bit register                                       : 1
# Comparators                                          : 3
 26-bit comparator greater                             : 2
 26-bit comparator lessequal                           : 1
# Multiplexers                                         : 5
 26-bit 2-to-1 multiplexer                             : 4
 26-bit 3-to-1 multiplexer                             : 1
# FSMs                                                 : 1

=========================================================================

=========================================================================
*                       Advanced HDL Synthesis                          *
=========================================================================


=========================================================================
Advanced HDL Synthesis Report

Macro Statistics
# Adders/Subtractors                                   : 1
 26-bit adder                                          : 1
# Registers                                            : 26
 Flip-Flops                                            : 26
# Comparators                                          : 3
 26-bit comparator greater                             : 2
 26-bit comparator lessequal                           : 1
# Multiplexers                                         : 5
 26-bit 2-to-1 multiplexer                             : 4
 26-bit 3-to-1 multiplexer                             : 1
# FSMs                                                 : 1

=========================================================================

=========================================================================
*                         Low Level Synthesis                           *
=========================================================================
Analyzing FSM <MFsm> for best encoding.
Optimizing FSM <FSM_0> on signal <current_state[1:2]> with user encoding.
--------------------
 State  | Encoding
--------------------
 red    | 00
 yellow | 01
 green  | 10
--------------------

Optimizing unit <TrafficLightController> ...

Mapping all equations...
Building and optimizing final netlist ...
Found area constraint ratio of 100 (+ 5) on block TrafficLightController, actual ratio is 1.

Final Macro Processing ...

=========================================================================
Final Register Report

Macro Statistics
# Registers                                            : 28
 Flip-Flops                                            : 28

=========================================================================

=========================================================================
*                           Partition Report                            *
=========================================================================

Partition Implementation Status
-------------------------------

  No Partitions were found in this design.

-------------------------------

=========================================================================
*                            Design Summary                             *
=========================================================================

Top Level Output File Name         : TrafficLightController.ngc

Primitive and Black Box Usage:
------------------------------
# BELS                             : 129
#      GND                         : 1
#      INV                         : 1
#      LUT1                        : 25
#      LUT2                        : 3
#      LUT3                        : 29
#      LUT5                        : 5
#      LUT6                        : 11
#      MUXCY                       : 25
#      MUXF7                       : 2
#      VCC                         : 1
#      XORCY                       : 26
# FlipFlops/Latches                : 28
#      FDC                         : 28
# Clock Buffers                    : 1
#      BUFGP                       : 1
# IO Buffers                       : 13
#      IBUF                        : 3
#      OBUF                        : 10

Device utilization summary:
---------------------------

Selected Device : 6slx9tqg144-3 


Slice Logic Utilization: 
 Number of Slice Registers:              28  out of  11440     0%  
 Number of Slice LUTs:                   74  out of   5720     1%  
    Number used as Logic:                74  out of   5720     1%  

Slice Logic Distribution: 
 Number of LUT Flip Flop pairs used:     74
   Number with an unused Flip Flop:      46  out of     74    62%  
   Number with an unused LUT:             0  out of     74     0%  
   Number of fully used LUT-FF pairs:    28  out of     74    37%  
   Number of unique control sets:         1

IO Utilization: 
 Number of IOs:                          14
 Number of bonded IOBs:                  14  out of    102    13%  

Specific Feature Utilization:
 Number of BUFG/BUFGCTRLs:                1  out of     16     6%  

---------------------------
Partition Resource Summary:
---------------------------

  No Partitions were found in this design.

---------------------------


=========================================================================
Timing Report

NOTE: THESE TIMING NUMBERS ARE ONLY A SYNTHESIS ESTIMATE.
      FOR ACCURATE TIMING INFORMATION PLEASE REFER TO THE TRACE REPORT
      GENERATED AFTER PLACE-and-ROUTE.

Clock Information:
------------------
-----------------------------------+------------------------+-------+
Clock Signal                       | Clock buffer(FF name)  | Load  |
-----------------------------------+------------------------+-------+
clk                                | BUFGP                  | 28    |
-----------------------------------+------------------------+-------+

Asynchronous Control Signals Information:
----------------------------------------
No asynchronous control signals found in this design

Timing Summary:
---------------
Speed Grade: -3

   Minimum period: 5.401ns (Maximum Frequency: 185.154MHz)
   Minimum input arrival time before clock: 3.705ns
   Maximum output required time after clock: 4.649ns
   Maximum combinational path delay: No path found

Timing Details:
---------------
All values displayed in nanoseconds (ns)

=========================================================================
Timing constraint: Default period analysis for Clock 'clk'
  Clock period: 5.401ns (frequency: 185.154MHz)
  Total number of paths / destination ports: 2344 / 28
-------------------------------------------------------------------------
Delay:               5.401ns (Levels of Logic = 5)
  Source:            counter_8 (FF)
  Destination:       counter_2 (FF)
  Source Clock:      clk rising
  Destination Clock: clk rising

  Data Path: counter_8 to counter_2
                                Gate     Net
    Cell:in->out      fanout   Delay   Delay  Logical Name (Net Name)
    ----------------------------------------  ------------
     FDC:C->Q              4   0.447   1.028  counter_8 (counter_8)
     LUT6:I1->O            1   0.203   0.580  n000732 (n000731)
     LUT6:I5->O            1   0.205   0.580  n000733 (n000732)
     LUT6:I5->O            4   0.205   0.684  n000734 (n0007)
     LUT6:I5->O           14   0.205   0.958  Mmux_current_state[1]_GND_4_o_mux_14_OUT1101 (Mmux_current_state[1]_GND_4_o_mux_14_OUT110)
     LUT3:I2->O            1   0.205   0.000  Mmux_current_state[1]_GND_4_o_mux_14_OUT261 (current_state[1]_GND_4_o_mux_14_OUT<9>)
     FDC:D                     0.102          counter_9
    ----------------------------------------
    Total                      5.401ns (1.572ns logic, 3.829ns route)
                                       (29.1% logic, 70.9% route)

=========================================================================
Timing constraint: Default OFFSET IN BEFORE for Clock 'clk'
  Total number of paths / destination ports: 83 / 56
-------------------------------------------------------------------------
Offset:              3.705ns (Levels of Logic = 3)
  Source:            sensor (PAD)
  Destination:       counter_2 (FF)
  Destination Clock: clk rising

  Data Path: sensor to counter_2
                                Gate     Net
    Cell:in->out      fanout   Delay   Delay  Logical Name (Net Name)
    ----------------------------------------  ------------
     IBUF:I->O             3   1.222   1.015  sensor_IBUF (sensor_IBUF)
     LUT6:I0->O           14   0.203   0.958  Mmux_current_state[1]_GND_4_o_mux_14_OUT1101 (Mmux_current_state[1]_GND_4_o_mux_14_OUT110)
     LUT3:I2->O            1   0.205   0.000  Mmux_current_state[1]_GND_4_o_mux_14_OUT261 (current_state[1]_GND_4_o_mux_14_OUT<9>)
     FDC:D                     0.102          counter_9
    ----------------------------------------
    Total                      3.705ns (1.732ns logic, 1.973ns route)
                                       (46.7% logic, 53.3% route)

=========================================================================
Timing constraint: Default OFFSET OUT AFTER for Clock 'clk'
  Total number of paths / destination ports: 4 / 3
-------------------------------------------------------------------------
Offset:              4.649ns (Levels of Logic = 2)
  Source:            current_state_FSM_FFd2 (FF)
  Destination:       lights<0> (PAD)
  Source Clock:      clk rising

  Data Path: current_state_FSM_FFd2 to lights<0>
                                Gate     Net
    Cell:in->out      fanout   Delay   Delay  Logical Name (Net Name)
    ----------------------------------------  ------------
     FDC:C->Q              6   0.447   0.849  current_state_FSM_FFd2 (current_state_FSM_FFd2)
     LUT2:I0->O            1   0.203   0.579  current_state_lights<0>1 (lights_0_OBUF)
     OBUF:I->O                 2.571          lights_0_OBUF (lights<0>)
    ----------------------------------------
    Total                      4.649ns (3.221ns logic, 1.428ns route)
                                       (69.3% logic, 30.7% route)

=========================================================================

Cross Clock Domains Report:
--------------------------

Clock to Setup on destination clock clk
---------------+---------+---------+---------+---------+
               | Src:Rise| Src:Fall| Src:Rise| Src:Fall|
Source Clock   |Dest:Rise|Dest:Rise|Dest:Fall|Dest:Fall|
---------------+---------+---------+---------+---------+
clk            |    5.401|         |         |         |
---------------+---------+---------+---------+---------+

=========================================================================


Total REAL time to Xst completion: 4.00 secs
Total CPU time to Xst completion: 3.52 secs
 
--> 

Total memory usage is 4502612 kilobytes

Number of errors   :    0 (   0 filtered)
Number of warnings :    1 (   0 filtered)
Number of infos    :    0 (   0 filtered)

